[INFO] Scanning for projects...
[INFO] 
[INFO] ----------------------< com.fatih:pharmacyfinder >----------------------
[INFO] Building pharmacyfinder 0.0.1-SNAPSHOT
[INFO]   from pom.xml
[INFO] --------------------------------[ jar ]---------------------------------
[INFO] 
[INFO] --- resources:3.3.1:resources (default-resources) @ pharmacyfinder ---
[INFO] Copying 1 resource from src\main\resources to target\classes
[INFO] Copying 3 resources from src\main\resources to target\classes
[INFO] 
[INFO] --- compiler:3.14.0:compile (default-compile) @ pharmacyfinder ---
[INFO] Nothing to compile - all classes are up to date.
[INFO] 
[INFO] --- resources:3.3.1:testResources (default-testResources) @ pharmacyfinder ---
[INFO] skip non existing resourceDirectory C:\Users\fatih\IdeaProjects\pharmacyfinder\src\test\resources
[INFO] 
[INFO] --- compiler:3.14.0:testCompile (default-testCompile) @ pharmacyfinder ---
[INFO] Nothing to compile - all classes are up to date.
[INFO] 
[INFO] --- surefire:3.5.4:test (default-test) @ pharmacyfinder ---
[INFO] Using auto detected provider org.apache.maven.surefire.junitplatform.JUnitPlatformProvider
[INFO] 
[INFO] -------------------------------------------------------
[INFO]  T E S T S
[INFO] -------------------------------------------------------
[INFO] Running com.fatih.pharmacyfinder.client.IzmirOpenDataLiveApiTest
02:50:09.699 [main] INFO org.springframework.test.context.support.AnnotationConfigContextLoaderUtils -- Could not detect default configuration classes for test class [com.fatih.pharmacyfinder.client.IzmirOpenDataLiveApiTest]: IzmirOpenDataLiveApiTest does not declare any static, non-private, non-final, nested classes annotated with @Configuration.
02:50:09.801 [main] INFO org.springframework.boot.test.context.SpringBootTestContextBootstrapper -- Found @SpringBootConfiguration com.fatih.pharmacyfinder.PharmacyfinderApplication for test class com.fatih.pharmacyfinder.client.IzmirOpenDataLiveApiTest

  .   ____          _            __ _ _
 /\\ / ___'_ __ _ _(_)_ __  __ _ \ \ \ \
( ( )\___ | '_ | '_| | '_ \/ _` | \ \ \ \
 \\/  ___)| |_)| | | | | || (_| |  ) ) ) )
  '  |____| .__|_| |_|_| |_\__, | / / / /
 =========|_|==============|___/=/_/_/_/

 :: Spring Boot ::                (v3.5.6)

2026-03-28T02:50:10.198+03:00  INFO 30428 --- [           main] c.f.p.client.IzmirOpenDataLiveApiTest    : Starting IzmirOpenDataLiveApiTest using Java 17.0.12 with PID 30428 (started by fatih in C:\Users\fatih\IdeaProjects\pharmacyfinder)
2026-03-28T02:50:10.199+03:00  INFO 30428 --- [           main] c.f.p.client.IzmirOpenDataLiveApiTest    : No active profile set, falling back to 1 default profile: "default"
2026-03-28T02:50:11.510+03:00  INFO 30428 --- [           main] o.s.b.a.w.s.WelcomePageHandlerMapping    : Adding welcome page: class path resource [static/index.html]
2026-03-28T02:50:11.837+03:00  INFO 30428 --- [           main] o.s.b.a.e.web.EndpointLinksResolver      : Exposing 3 endpoints beneath base path '/actuator'
2026-03-28T02:50:11.881+03:00  INFO 30428 --- [           main] c.f.p.client.IzmirOpenDataLiveApiTest    : Started IzmirOpenDataLiveApiTest in 1.955 seconds (process running for 2.693)
.\mvnw.cmd : Java HotSpot(TM) 64-Bit Server VM warning: Sharing is 
only supported for boot loader classes because bootstrap classpath 
has been appended
At line:1 char:1
+ .\mvnw.cmd test -Dtest=IzmirOpenDataLiveApiTest > test_output.log
 2>& ...
+ ~~~~~~~~~~~~~~~~~~~~~~~~~~~~~~~~~~~~~~~~~~~~~~~~~~~~~~~~~~~~~~~~~
~~~~
    + CategoryInfo          : NotSpecified: (Java HotSpot(TM...s b 
   een appended:String) [], RemoteException
    + FullyQualifiedErrorId : NativeCommandError
 
2026-03-28T02:50:12.550+03:00 DEBUG 30428 --- [           main] o.s.w.r.f.client.ExchangeFunctions       : [1e4c4fda] HTTP GET https://openapi.izmir.bel.tr/api/ibb/nobetcieczaneler
2026-03-28T02:50:13.885+03:00 DEBUG 30428 --- [ctor-http-nio-2] o.s.w.r.f.client.ExchangeFunctions       : [1e4c4fda] [1483b307-1] Response 200 OK
2026-03-28T02:50:13.923+03:00 DEBUG 30428 --- [ctor-http-nio-2] o.s.w.r.f.client.ExchangeFunctions       : [1e4c4fda] Cancel signal (to close connection)
[ERROR] Tests run: 1, Failures: 1, Errors: 0, Skipped: 0, Time elapsed: 4.344 s <<< FAILURE! -- in com.fatih.pharmacyfinder.client.IzmirOpenDataLiveApiTest
[ERROR] com.fatih.pharmacyfinder.client.IzmirOpenDataLiveApiTest.testFetchOnDutyPharmacies_RealRequest -- Time elapsed: 2.023 s <<< FAILURE!
org.opentest4j.AssertionFailedError: ¦le bilgisi (Ilce) bulunmal² ==> expected: <true> but was: <false>
	at org.junit.jupiter.api.AssertionFailureBuilder.build(AssertionFailureBuilder.java:151)
	at org.junit.jupiter.api.AssertionFailureBuilder.buildAndThrow(AssertionFailureBuilder.java:132)
	at org.junit.jupiter.api.AssertTrue.failNotTrue(AssertTrue.java:63)
	at org.junit.jupiter.api.AssertTrue.assertTrue(AssertTrue.java:36)
	at org.junit.jupiter.api.Assertions.assertTrue(Assertions.java:214)
	at com.fatih.pharmacyfinder.client.IzmirOpenDataLiveApiTest.lambda$testFetchOnDutyPharmacies_RealRequest$0(IzmirOpenDataLiveApiTest.java:35)
	at reactor.test.DefaultStepVerifierBuilder.lambda$consumeNextWith$1(DefaultStepVerifierBuilder.java:279)
	at reactor.test.DefaultStepVerifierBuilder$SignalEvent.test(DefaultStepVerifierBuilder.java:2289)
	at reactor.test.DefaultStepVerifierBuilder$DefaultVerifySubscriber.onSignal(DefaultStepVerifierBuilder.java:1529)
	at reactor.test.DefaultStepVerifierBuilder$DefaultVerifySubscriber.onExpectation(DefaultStepVerifierBuilder.java:1477)
	at reactor.test.DefaultStepVerifierBuilder$DefaultVerifySubscriber.onNext(DefaultStepVerifierBuilder.java:1146)
	at reactor.core.publisher.FluxOnErrorResume$ResumeSubscriber.onNext(FluxOnErrorResume.java:79)
	at reactor.core.publisher.MonoPeekTerminal$MonoTerminalPeekSubscriber.onNext(MonoPeekTerminal.java:180)
	at reactor.core.publisher.SerializedSubscriber.onNext(SerializedSubscriber.java:99)
	at reactor.core.publisher.FluxRetryWhen$RetryWhenMainSubscriber.onNext(FluxRetryWhen.java:178)
	at reactor.core.publisher.SerializedSubscriber.onNext(SerializedSubscriber.java:99)
	at reactor.core.publisher.FluxTimeout$TimeoutMainSubscriber.onNext(FluxTimeout.java:181)
	at reactor.core.publisher.MonoFlatMap$FlatMapMain.secondComplete(MonoFlatMap.java:245)
	at reactor.core.publisher.MonoFlatMap$FlatMapInner.onNext(MonoFlatMap.java:305)
	at reactor.core.publisher.FluxOnErrorResume$ResumeSubscriber.onNext(FluxOnErrorResume.java:79)
	at reactor.core.publisher.FluxOnAssembly$OnAssemblySubscriber.onNext(FluxOnAssembly.java:539)
	at reactor.core.publisher.MonoFlatMap$FlatMapMain.onNext(MonoFlatMap.java:158)
	at reactor.core.publisher.FluxContextWrite$ContextWriteSubscriber.onNext(FluxContextWrite.java:107)
	at reactor.core.publisher.FluxMapFuseable$MapFuseableConditionalSubscriber.onNext(FluxMapFuseable.java:299)
	at reactor.core.publisher.FluxFilterFuseable$FilterFuseableConditionalSubscriber.onNext(FluxFilterFuseable.java:337)
	at reactor.core.publisher.Operators$BaseFluxToMonoOperator.completePossiblyEmpty(Operators.java:2096)
	at reactor.core.publisher.MonoCollect$CollectSubscriber.onComplete(MonoCollect.java:145)
	at reactor.core.publisher.FluxMap$MapSubscriber.onComplete(FluxMap.java:144)
	at reactor.core.publisher.FluxPeek$PeekSubscriber.onComplete(FluxPeek.java:260)
	at reactor.core.publisher.FluxMap$MapSubscriber.onComplete(FluxMap.java:144)
	at reactor.netty.channel.FluxReceive.onInboundComplete(FluxReceive.java:413)
	at reactor.netty.channel.ChannelOperations.onInboundComplete(ChannelOperations.java:455)
	at reactor.netty.channel.ChannelOperations.terminate(ChannelOperations.java:509)
	at reactor.netty.http.client.HttpClientOperations.onInboundNext(HttpClientOperations.java:847)
	at reactor.netty.channel.ChannelOperationsHandler.channelRead(ChannelOperationsHandler.java:115)
	at io.netty.channel.AbstractChannelHandlerContext.invokeChannelRead(AbstractChannelHandlerContext.java:444)
	at io.netty.channel.AbstractChannelHandlerContext.invokeChannelRead(AbstractChannelHandlerContext.java:420)
	at io.netty.channel.AbstractChannelHandlerContext.fireChannelRead(AbstractChannelHandlerContext.java:412)
	at io.netty.handler.timeout.IdleStateHandler.channelRead(IdleStateHandler.java:289)
	at io.netty.channel.AbstractChannelHandlerContext.invokeChannelRead(AbstractChannelHandlerContext.java:442)
	at io.netty.channel.AbstractChannelHandlerContext.invokeChannelRead(AbstractChannelHandlerContext.java:420)
	at io.netty.channel.AbstractChannelHandlerContext.fireChannelRead(AbstractChannelHandlerContext.java:412)
	at io.netty.channel.CombinedChannelDuplexHandler$DelegatingChannelHandlerContext.fireChannelRead(CombinedChannelDuplexHandler.java:436)
	at io.netty.handler.codec.ByteToMessageDecoder.fireChannelRead(ByteToMessageDecoder.java:346)
	at io.netty.handler.codec.ByteToMessageDecoder.channelRead(ByteToMessageDecoder.java:318)
	at io.netty.channel.CombinedChannelDuplexHandler.channelRead(CombinedChannelDuplexHandler.java:251)
	at io.netty.channel.AbstractChannelHandlerContext.invokeChannelRead(AbstractChannelHandlerContext.java:442)
	at io.netty.channel.AbstractChannelHandlerContext.invokeChannelRead(AbstractChannelHandlerContext.java:420)
	at io.netty.channel.AbstractChannelHandlerContext.fireChannelRead(AbstractChannelHandlerContext.java:412)
	at io.netty.handler.ssl.SslHandler.unwrap(SslHandler.java:1519)
	at io.netty.handler.ssl.SslHandler.decodeJdkCompatible(SslHandler.java:1377)
	at io.netty.handler.ssl.SslHandler.decode(SslHandler.java:1428)
	at io.netty.handler.codec.ByteToMessageDecoder.decodeRemovalReentryProtection(ByteToMessageDecoder.java:530)
	at io.netty.handler.codec.ByteToMessageDecoder.callDecode(ByteToMessageDecoder.java:469)
	at io.netty.handler.codec.ByteToMessageDecoder.channelRead(ByteToMessageDecoder.java:290)
	at io.netty.channel.AbstractChannelHandlerContext.invokeChannelRead(AbstractChannelHandlerContext.java:444)
	at io.netty.channel.AbstractChannelHandlerContext.invokeChannelRead(AbstractChannelHandlerContext.java:420)
	at io.netty.channel.AbstractChannelHandlerContext.fireChannelRead(AbstractChannelHandlerContext.java:412)
	at io.netty.channel.DefaultChannelPipeline$HeadContext.channelRead(DefaultChannelPipeline.java:1357)
	at io.netty.channel.AbstractChannelHandlerContext.invokeChannelRead(AbstractChannelHandlerContext.java:440)
	at io.netty.channel.AbstractChannelHandlerContext.invokeChannelRead(AbstractChannelHandlerContext.java:420)
	at io.netty.channel.DefaultChannelPipeline.fireChannelRead(DefaultChannelPipeline.java:868)
	at io.netty.channel.nio.AbstractNioByteChannel$NioByteUnsafe.read(AbstractNioByteChannel.java:166)
	at io.netty.channel.nio.NioEventLoop.processSelectedKey(NioEventLoop.java:796)
	at io.netty.channel.nio.NioEventLoop.processSelectedKeysOptimized(NioEventLoop.java:732)
	at io.netty.channel.nio.NioEventLoop.processSelectedKeys(NioEventLoop.java:658)
	at io.netty.channel.nio.NioEventLoop.run(NioEventLoop.java:562)
	at io.netty.util.concurrent.SingleThreadEventExecutor$4.run(SingleThreadEventExecutor.java:998)
	at io.netty.util.internal.ThreadExecutorMap$2.run(ThreadExecutorMap.java:74)
	at io.netty.util.concurrent.FastThreadLocalRunnable.run(FastThreadLocalRunnable.java:30)
	at java.base/java.lang.Thread.run(Thread.java:842)

[INFO] 
[INFO] Results:
[INFO] 
[ERROR] Failures: 
[ERROR]   IzmirOpenDataLiveApiTest.lambda$testFetchOnDutyPharmacies_RealRequest$0:35 ¦le bilgisi (Ilce) bulunmal² ==> expected: <true> but was: <false>
[INFO] 
[ERROR] Tests run: 1, Failures: 1, Errors: 0, Skipped: 0
[INFO] 
[INFO] ------------------------------------------------------------------------
[INFO] BUILD FAILURE
[INFO] ------------------------------------------------------------------------
[INFO] Total time:  6.599 s
[INFO] Finished at: 2026-03-28T02:50:14+03:00
[INFO] ------------------------------------------------------------------------
[ERROR] Failed to execute goal org.apache.maven.plugins:maven-surefire-plugin:3.5.4:test (default-test) on project pharmacyfinder: There are test failures.
[ERROR] 
[ERROR] See C:\Users\fatih\IdeaProjects\pharmacyfinder\target\surefire-reports for the individual test results.
[ERROR] See dump files (if any exist) [date].dump, [date]-jvmRun[N].dump and [date].dumpstream.
[ERROR] -> [Help 1]
[ERROR] 
[ERROR] To see the full stack trace of the errors, re-run Maven with the -e switch.
[ERROR] Re-run Maven using the -X switch to enable full debug logging.
[ERROR] 
[ERROR] For more information about the errors and possible solutions, please read the following articles:
[ERROR] [Help 1] http://cwiki.apache.org/confluence/display/MAVEN/MojoFailureException
